2026-01-30 15:25:51,736 [Worker-5: Loading available Gradle versions] INFO  o.e.b.c.i.u.g.PublishedGradleVersions - Gradle version information cache is not available. Remote download required.
2026-01-30 15:27:36,643 [Worker-10: Update Maven projects configuration] INFO  o.e.m.c.i.p.ProjectConfigurationManager - Update started
2026-01-30 15:27:37,636 [Worker-10: Update Maven projects configuration] INFO  o.e.m.c.i.l.LifecycleMappingFactory - Using org.eclipse.m2e.jdt.JarLifecycleMapping lifecycle mapping for MavenProject: com.springboot:ems-backend:0.0.1-SNAPSHOT @ D:\PROGRAMMING_HUB\SpringBoot\Projects\ems-backend\ems-backend.zip_expanded\ems-backend\pom.xml.
2026-01-30 15:27:38,854 [Worker-10: Update Maven projects configuration] INFO  o.e.m.j.i.AbstractJavaProjectConfigurator - Adding source folder /ems-backend/src/main/java
2026-01-30 15:27:38,855 [Worker-10: Update Maven projects configuration] INFO  o.e.m.j.i.AbstractJavaProjectConfigurator - Adding resource folder /ems-backend/src/main/resources
2026-01-30 15:27:38,860 [Worker-10: Update Maven projects configuration] INFO  o.e.m.j.i.AbstractJavaProjectConfigurator - Adding resource folder /ems-backend/src/main/resources
2026-01-30 15:27:38,865 [Worker-10: Update Maven projects configuration] INFO  o.e.m.j.i.AbstractJavaProjectConfigurator - Adding source folder /ems-backend/src/test/java
2026-01-30 15:27:38,866 [Worker-10: Update Maven projects configuration] INFO  o.e.m.j.i.AbstractJavaProjectConfigurator - Adding resource folder /ems-backend/src/test/resources
2026-01-30 15:27:40,018 [Worker-10: Update Maven projects configuration] INFO  o.e.m.c.i.p.ProjectConfigurationManager - Update completed for 1 poms: local refresh takes 0.00 sec, refresh facades takes 2.00 sec, update config takes 1.00 sec 
2026-01-30 15:27:40,619 [Worker-31: Building] INFO  o.a.m.s.f.DefaultMavenResourcesFiltering - Copying 1 resource from src\main\resources to target\classes
2026-01-30 15:27:40,636 [Worker-31: Building] INFO  o.a.m.s.f.DefaultMavenResourcesFiltering - Copying 0 resource from src\main\resources to target\classes
2026-01-30 15:27:40,641 [Worker-31: Building] INFO  o.a.m.s.f.DefaultMavenResourcesFiltering - skip non existing resourceDirectory D:\PROGRAMMING_HUB\SpringBoot\Projects\ems-backend\ems-backend.zip_expanded\ems-backend\src\test\resources
2026-01-30 15:28:00,527 [Worker-13: Update Maven projects configuration] INFO  o.e.m.c.i.p.ProjectConfigurationManager - Update started
2026-01-30 15:28:00,871 [Worker-13: Update Maven projects configuration] INFO  o.e.m.c.i.l.LifecycleMappingFactory - Using org.eclipse.m2e.jdt.JarLifecycleMapping lifecycle mapping for MavenProject: com.teja:student:0.0.1-SNAPSHOT @ D:\PROGRAMMING_HUB\SpringBoot\Projects\student\pom.xml.
2026-01-30 15:28:01,599 [Worker-13: Update Maven projects configuration] INFO  o.e.m.j.i.AbstractJavaProjectConfigurator - Adding source folder /student/src/main/java
2026-01-30 15:28:01,600 [Worker-13: Update Maven projects configuration] INFO  o.e.m.j.i.AbstractJavaProjectConfigurator - Adding resource folder /student/src/main/resources
2026-01-30 15:28:01,604 [Worker-13: Update Maven projects configuration] INFO  o.e.m.j.i.AbstractJavaProjectConfigurator - Adding resource folder /student/src/main/resources
2026-01-30 15:28:01,607 [Worker-13: Update Maven projects configuration] INFO  o.e.m.j.i.AbstractJavaProjectConfigurator - Adding source folder /student/src/test/java
2026-01-30 15:28:01,608 [Worker-13: Update Maven projects configuration] INFO  o.e.m.j.i.AbstractJavaProjectConfigurator - Adding resource folder /student/src/test/resources
2026-01-30 15:28:01,819 [Worker-13: Update Maven projects configuration] INFO  o.e.m.c.i.p.ProjectConfigurationManager - Update completed for 1 poms: local refresh takes 0.00 sec, refresh facades takes 0.00 sec, update config takes 0.00 sec 
2026-01-30 15:28:02,003 [Worker-31: Building] INFO  o.a.m.s.f.DefaultMavenResourcesFiltering - Copying 1 resource from src\main\resources to target\classes
2026-01-30 15:28:02,015 [Worker-31: Building] INFO  o.a.m.s.f.DefaultMavenResourcesFiltering - Copying 0 resource from src\main\resources to target\classes
2026-01-30 15:28:02,021 [Worker-31: Building] INFO  o.a.m.s.f.DefaultMavenResourcesFiltering - skip non existing resourceDirectory D:\PROGRAMMING_HUB\SpringBoot\Projects\student\src\test\resources
2026-01-30 15:30:13,628 [Worker-27: Loading available Gradle versions] INFO  o.e.b.c.i.u.g.PublishedGradleVersions - Gradle version information cache is up-to-date. Trying to read.
2026-01-30 15:33:45,977 [Worker-4: Loading available Gradle versions] INFO  o.e.b.c.i.u.g.PublishedGradleVersions - Gradle version information cache is up-to-date. Trying to read.
2026-01-30 15:34:25,498 [Worker-26: Building] INFO  o.e.m.c.i.l.LifecycleMappingFactory - Using org.eclipse.m2e.jdt.JarLifecycleMapping lifecycle mapping for MavenProject: com.springboot:ems-backend:0.0.1-SNAPSHOT @ D:\PROGRAMMING_HUB\SpringBoot\Projects\ems-backend\ems-backend.zip_expanded\ems-backend\pom.xml.
2026-01-30 15:34:27,277 [Worker-26: Building] INFO  o.a.m.s.f.DefaultMavenResourcesFiltering - skip non existing resourceDirectory D:\PROGRAMMING_HUB\SpringBoot\Projects\ems-backend\ems-backend.zip_expanded\ems-backend\src\test\resources
2026-01-30 15:34:27,621 [Worker-4: Updating Maven Dependencies] INFO  o.e.m.c.i.l.LifecycleMappingFactory - Using org.eclipse.m2e.jdt.JarLifecycleMapping lifecycle mapping for MavenProject: com.springboot:ems-backend:0.0.1-SNAPSHOT @ D:\PROGRAMMING_HUB\SpringBoot\Projects\ems-backend\ems-backend.zip_expanded\ems-backend\pom.xml.
2026-01-30 15:34:28,676 [Worker-6: Building] INFO  o.a.m.s.f.DefaultMavenResourcesFiltering - Copying 1 resource from src\main\resources to target\classes
2026-01-30 15:34:28,775 [Worker-6: Building] INFO  o.a.m.s.f.DefaultMavenResourcesFiltering - Copying 0 resource from src\main\resources to target\classes
2026-01-30 15:34:28,779 [Worker-6: Building] INFO  o.a.m.s.f.DefaultMavenResourcesFiltering - skip non existing resourceDirectory D:\PROGRAMMING_HUB\SpringBoot\Projects\ems-backend\ems-backend.zip_expanded\ems-backend\src\test\resources
2026-01-30 15:38:21,076 [Worker-7: Loading available Gradle versions] INFO  o.e.b.c.i.u.g.PublishedGradleVersions - Gradle version information cache is up-to-date. Trying to read.
